
Allocating common symbols
Common symbol       size              file

P_main_ptr          0x4               main_algorithm.o
alarmPtr            0x4               Alarm_monitor.o

Memory Configuration

Name             Origin             Length             Attributes
flash            0x08000000         0x00020000         xr
sram             0x20000000         0x00005000         xrw
*default*        0x00000000         0xffffffff

Linker script and memory map


.text           0x08000000      0x230
 *(.vectors*)
 .vectors       0x08000000       0x1c startup.o
                0x08000000                vectors
 *(.text*)
 .text          0x0800001c       0x3c Alarm_monitor.o
                0x0800001c                Start_alarm
                0x08000048                Stop_alarm
 .text          0x08000058       0xc4 driver.o
                0x08000058                Delay
                0x08000078                getPressureVal
                0x08000090                Set_Alarm_actuator
                0x080000cc                GPIO_INITIALIZATION
 .text          0x0800011c       0x30 main.o
                0x0800011c                main
 .text          0x0800014c       0x54 main_algorithm.o
                0x0800014c                waiting
                0x08000184                High_pressure_detected
 .text          0x080001a0       0x90 startup.o
                0x080001a0                MM_fault_Handler
                0x080001a0                Usage_fault_Handler
                0x080001a0                Bus_Handler
                0x080001a0                Default_Handler
                0x080001a0                H_fault_Handler
                0x080001a0                NMI_Handler
                0x080001ac                Reset_Handler
 *(.rodata)
                0x08000230                . = ALIGN (0x4)
                0x08000230                _E_text = .

.glue_7         0x08000230        0x0
 .glue_7        0x08000230        0x0 linker stubs

.glue_7t        0x08000230        0x0
 .glue_7t       0x08000230        0x0 linker stubs

.vfp11_veneer   0x08000230        0x0
 .vfp11_veneer  0x08000230        0x0 linker stubs

.v4_bx          0x08000230        0x0
 .v4_bx         0x08000230        0x0 linker stubs

.iplt           0x08000230        0x0
 .iplt          0x08000230        0x0 Alarm_monitor.o

.rel.dyn        0x08000230        0x0
 .rel.iplt      0x08000230        0x0 Alarm_monitor.o

.data           0x20000000        0x0 load address 0x08000230
                0x20000000                . = ALIGN (0x4)
                0x20000000                _S_DATA = .
 *(.data)
 .data          0x20000000        0x0 Alarm_monitor.o
 .data          0x20000000        0x0 driver.o
 .data          0x20000000        0x0 main.o
 .data          0x20000000        0x0 main_algorithm.o
 .data          0x20000000        0x0 startup.o
                0x20000000                . = ALIGN (0x4)
                0x20000000                _E_DATA = .

.igot.plt       0x20000000        0x0 load address 0x08000230
 .igot.plt      0x20000000        0x0 Alarm_monitor.o

.bss            0x20000000        0xc load address 0x08000230
                0x20000000                . = ALIGN (0x4)
                0x20000000                _S_bss = .
 *(.bss*)
 .bss           0x20000000        0x0 Alarm_monitor.o
 .bss           0x20000000        0x0 driver.o
 .bss           0x20000000        0x0 main.o
 .bss           0x20000000        0x4 main_algorithm.o
 .bss           0x20000004        0x0 startup.o
                0x20000004                . = ALIGN (0x4)
 *(COMMON*)
 COMMON         0x20000004        0x4 Alarm_monitor.o
                0x20000004                alarmPtr
 COMMON         0x20000008        0x4 main_algorithm.o
                0x20000008                P_main_ptr
                0x2000000c                . = ALIGN (0x4)
                0x2000000c                _E_bss = .
                0x2000000c                . = ALIGN (0x4)
                0x2000100c                . = (. + 0x1000)
                0x2000100c                _stack_top = .
LOAD Alarm_monitor.o
LOAD driver.o
LOAD main.o
LOAD main_algorithm.o
LOAD startup.o
OUTPUT(pressure_detected_project.elf elf32-littlearm)

.debug_info     0x00000000     0x28ee
 .debug_info    0x00000000      0x9c6 Alarm_monitor.o
 .debug_info    0x000009c6      0xa05 driver.o
 .debug_info    0x000013cb      0x9b6 main.o
 .debug_info    0x00001d81      0x9e4 main_algorithm.o
 .debug_info    0x00002765      0x189 startup.o

.debug_abbrev   0x00000000      0x79a
 .debug_abbrev  0x00000000      0x1a0 Alarm_monitor.o
 .debug_abbrev  0x000001a0      0x1de driver.o
 .debug_abbrev  0x0000037e      0x197 main.o
 .debug_abbrev  0x00000515      0x1af main_algorithm.o
 .debug_abbrev  0x000006c4       0xd6 startup.o

.debug_loc      0x00000000      0x298
 .debug_loc     0x00000000       0x58 Alarm_monitor.o
 .debug_loc     0x00000058      0x140 driver.o
 .debug_loc     0x00000198       0x2c main.o
 .debug_loc     0x000001c4       0x58 main_algorithm.o
 .debug_loc     0x0000021c       0x7c startup.o

.debug_aranges  0x00000000       0xa0
 .debug_aranges
                0x00000000       0x20 Alarm_monitor.o
 .debug_aranges
                0x00000020       0x20 driver.o
 .debug_aranges
                0x00000040       0x20 main.o
 .debug_aranges
                0x00000060       0x20 main_algorithm.o
 .debug_aranges
                0x00000080       0x20 startup.o

.debug_line     0x00000000      0x62b
 .debug_line    0x00000000      0x13f Alarm_monitor.o
 .debug_line    0x0000013f      0x1b9 driver.o
 .debug_line    0x000002f8      0x154 main.o
 .debug_line    0x0000044c      0x164 main_algorithm.o
 .debug_line    0x000005b0       0x7b startup.o

.debug_str      0x00000000      0x63f
 .debug_str     0x00000000      0x50d Alarm_monitor.o
                                0x56b (size before relaxing)
 .debug_str     0x0000050d       0x57 driver.o
                                0x59b (size before relaxing)
 .debug_str     0x00000564       0x17 main.o
                                0x55b (size before relaxing)
 .debug_str     0x0000057b       0x36 main_algorithm.o
                                0x585 (size before relaxing)
 .debug_str     0x000005b1       0x8e startup.o
                                0x1c7 (size before relaxing)

.comment        0x00000000       0x7e
 .comment       0x00000000       0x7e Alarm_monitor.o
                                 0x7f (size before relaxing)
 .comment       0x0000007e       0x7f driver.o
 .comment       0x0000007e       0x7f main.o
 .comment       0x0000007e       0x7f main_algorithm.o
 .comment       0x0000007e       0x7f startup.o

.ARM.attributes
                0x00000000       0x33
 .ARM.attributes
                0x00000000       0x33 Alarm_monitor.o
 .ARM.attributes
                0x00000033       0x33 driver.o
 .ARM.attributes
                0x00000066       0x33 main.o
 .ARM.attributes
                0x00000099       0x33 main_algorithm.o
 .ARM.attributes
                0x000000cc       0x33 startup.o

.debug_frame    0x00000000      0x1ac
 .debug_frame   0x00000000       0x48 Alarm_monitor.o
 .debug_frame   0x00000048       0xa0 driver.o
 .debug_frame   0x000000e8       0x2c main.o
 .debug_frame   0x00000114       0x48 main_algorithm.o
 .debug_frame   0x0000015c       0x50 startup.o
