
Memory Configuration

Name             Origin             Length             Attributes
flash            0x08000000         0x00020000         xr
sram             0x20000000         0x00005000         xrw
*default*        0x00000000         0xffffffff

Linker script and memory map


.text           0x08000000      0x138
 *(.vectors*)
 .vectors       0x08000000       0x1c startup.o
                0x08000000                vectors
 *(.text*)
 .text          0x0800001c       0x8c main.o
                0x0800001c                main
 .text          0x080000a8       0x90 startup.o
                0x080000a8                MM_fault_Handler
                0x080000a8                Usage_fault_Handler
                0x080000a8                Bus_Handler
                0x080000a8                Default_Handler
                0x080000a8                H_fault_Handler
                0x080000a8                NMI_Handler
                0x080000b4                Reset_Handler
 *(.rodata)
                0x08000138                . = ALIGN (0x4)
                0x08000138                _E_text = .

.glue_7         0x08000138        0x0
 .glue_7        0x08000138        0x0 linker stubs

.glue_7t        0x08000138        0x0
 .glue_7t       0x08000138        0x0 linker stubs

.vfp11_veneer   0x08000138        0x0
 .vfp11_veneer  0x08000138        0x0 linker stubs

.v4_bx          0x08000138        0x0
 .v4_bx         0x08000138        0x0 linker stubs

.iplt           0x08000138        0x0
 .iplt          0x08000138        0x0 main.o

.rel.dyn        0x08000138        0x0
 .rel.iplt      0x08000138        0x0 main.o

.data           0x20000000        0x0 load address 0x08000138
                0x20000000                . = ALIGN (0x4)
                0x20000000                _S_DATA = .
 *(.data)
 .data          0x20000000        0x0 main.o
 .data          0x20000000        0x0 startup.o
                0x20000000                . = ALIGN (0x4)
                0x20000000                _E_DATA = .

.igot.plt       0x20000000        0x0 load address 0x08000138
 .igot.plt      0x20000000        0x0 main.o

.bss            0x20000000        0x0 load address 0x08000138
                0x20000000                . = ALIGN (0x4)
                0x20000000                _S_bss = .
 *(.bss*)
 .bss           0x20000000        0x0 main.o
 .bss           0x20000000        0x0 startup.o
                0x20000000                . = ALIGN (0x4)
 *(COMMON*)
                0x20000000                . = ALIGN (0x4)
                0x20000000                _E_bss = .
                0x20000000                . = ALIGN (0x4)
                0x20001000                . = (. + 0x1000)
                0x20001000                _stack_top = .
LOAD main.o
LOAD startup.o
OUTPUT(led_lab.elf elf32-littlearm)

.debug_info     0x00000000      0xb97
 .debug_info    0x00000000      0xa0e main.o
 .debug_info    0x00000a0e      0x189 startup.o

.debug_abbrev   0x00000000      0x28d
 .debug_abbrev  0x00000000      0x1b7 main.o
 .debug_abbrev  0x000001b7       0xd6 startup.o

.debug_loc      0x00000000       0xb4
 .debug_loc     0x00000000       0x38 main.o
 .debug_loc     0x00000038       0x7c startup.o

.debug_aranges  0x00000000       0x40
 .debug_aranges
                0x00000000       0x20 main.o
 .debug_aranges
                0x00000020       0x20 startup.o

.debug_line     0x00000000      0x22e
 .debug_line    0x00000000      0x1b3 main.o
 .debug_line    0x000001b3       0x7b startup.o

.debug_str      0x00000000      0x55d
 .debug_str     0x00000000      0x4d5 main.o
                                0x543 (size before relaxing)
 .debug_str     0x000004d5       0x88 startup.o
                                0x199 (size before relaxing)

.comment        0x00000000       0x7e
 .comment       0x00000000       0x7e main.o
                                 0x7f (size before relaxing)
 .comment       0x0000007e       0x7f startup.o

.ARM.attributes
                0x00000000       0x33
 .ARM.attributes
                0x00000000       0x33 main.o
 .ARM.attributes
                0x00000033       0x33 startup.o

.debug_frame    0x00000000       0x80
 .debug_frame   0x00000000       0x30 main.o
 .debug_frame   0x00000030       0x50 startup.o
