
Memory Configuration

Name             Origin             Length             Attributes
flash            0x08000000         0x00020000         xr
sram             0x20000000         0x00005000         xrw
*default*        0x00000000         0xffffffff

Linker script and memory map


.text           0x08000000      0x128
 *(.vectors*)
 .vectors       0x08000000       0x1c startup.o
                0x08000000                vectors
 *(.text*)
 .text          0x0800001c       0x7c main.o
                0x0800001c                main
 .text          0x08000098       0x90 startup.o
                0x08000098                MM_fault_Handler
                0x08000098                Usage_fault_Handler
                0x08000098                Bus_Handler
                0x08000098                Default_Handler
                0x08000098                H_fault_Handler
                0x08000098                NMI_Handler
                0x080000a4                Reset_Handler
 *(.rdata)
                0x08000128                . = ALIGN (0x4)
                0x08000128                _E_text = .

.glue_7         0x08000128        0x0
 .glue_7        0x08000128        0x0 linker stubs

.glue_7t        0x08000128        0x0
 .glue_7t       0x08000128        0x0 linker stubs

.vfp11_veneer   0x08000128        0x0
 .vfp11_veneer  0x08000128        0x0 linker stubs

.v4_bx          0x08000128        0x0
 .v4_bx         0x08000128        0x0 linker stubs

.iplt           0x08000128        0x0
 .iplt          0x08000128        0x0 main.o

.rel.dyn        0x08000128        0x0
 .rel.iplt      0x08000128        0x0 main.o

.data           0x20000000        0x0 load address 0x08000128
                0x20000000                . = ALIGN (0x4)
                0x20000000                _S_DATA = .
 *(.data)
 .data          0x20000000        0x0 main.o
 .data          0x20000000        0x0 startup.o
                0x20000000                . = ALIGN (0x4)
                0x20000000                _E_DATA = .

.igot.plt       0x20000000        0x0 load address 0x08000128
 .igot.plt      0x20000000        0x0 main.o

.bss            0x20000000        0x0 load address 0x08000128
                0x20000000                . = ALIGN (0x4)
                0x20000000                _S_bss = .
 *(.bss*)
 .bss           0x20000000        0x0 main.o
 .bss           0x20000000        0x0 startup.o
                0x20000000                . = ALIGN (0x4)
 *(COMMON*)
                0x20000000                . = ALIGN (0x4)
                0x20000000                _E_bss = .
                0x20000000                . = ALIGN (0x4)
                0x20001000                . = (. + 0x1000)
                0x20001000                _stack_top = .
LOAD main.o
LOAD startup.o
OUTPUT(led_lab.elf elf32-littlearm)

.debug_info     0x00000000      0x254
 .debug_info    0x00000000       0xcb main.o
 .debug_info    0x000000cb      0x189 startup.o

.debug_abbrev   0x00000000      0x151
 .debug_abbrev  0x00000000       0x7b main.o
 .debug_abbrev  0x0000007b       0xd6 startup.o

.debug_loc      0x00000000       0xb4
 .debug_loc     0x00000000       0x38 main.o
 .debug_loc     0x00000038       0x7c startup.o

.debug_aranges  0x00000000       0x40
 .debug_aranges
                0x00000000       0x20 main.o
 .debug_aranges
                0x00000020       0x20 startup.o

.debug_line     0x00000000       0xe5
 .debug_line    0x00000000       0x6a main.o
 .debug_line    0x0000006a       0x7b startup.o

.debug_str      0x00000000      0x195
 .debug_str     0x00000000      0x117 main.o
                                0x139 (size before relaxing)
 .debug_str     0x00000117       0x7e startup.o
                                0x1ab (size before relaxing)

.comment        0x00000000       0x7e
 .comment       0x00000000       0x7e main.o
                                 0x7f (size before relaxing)
 .comment       0x0000007e       0x7f startup.o

.ARM.attributes
                0x00000000       0x33
 .ARM.attributes
                0x00000000       0x33 main.o
 .ARM.attributes
                0x00000033       0x33 startup.o

.debug_frame    0x00000000       0x7c
 .debug_frame   0x00000000       0x2c main.o
 .debug_frame   0x0000002c       0x50 startup.o
